// Jest Snapshot v1, https://goo.gl/fbAQLP

exports[`Home 화면 베스트 상품이 표출 되는가? 1`] = `
<div>
  <div
    class="container"
  >
    <h3
      class="ui header"
      style="padding-top: 40px;"
    >
      베스트 상품
    </h3>
    <div
      class="ui divider"
    />
    <div>
      <div
        class="ui three column grid"
      >
        <div
          class="row"
        >
          <div
            class="column"
          >
            <a
              href="/detail/495"
            >
              <div
                class="wrap"
              >
                <img
                  alt="Maybelline Face Studio Master Hi-Light Light Booster Bronzer"
                  class="img_item"
                  src="https://d3t32hsnjxo7q6.cloudfront.net/i/991799d3e70b8856686979f8ff6dcfe0_ra,w158,h184_pa,w158,h184.png"
                />
                <strong
                  class="tit_item"
                >
                  Maybelline Face Studio Master Hi-Light Light Booster Bronzer
                </strong>
                <span
                  class="txt_info"
                >
                   
                  bronzer
                </span>
                <strong
                  class="num_price"
                >
                  $
                  14.99
                </strong>
              </div>
            </a>
          </div>
          <div
            class="column"
          >
            <a
              href="/detail/488"
            >
              <div
                class="wrap"
              >
                <img
                  alt="Maybelline Fit Me Bronzer"
                  class="img_item"
                  src="https://d3t32hsnjxo7q6.cloudfront.net/i/d4f7d82b4858c622bb3c1cef07b9d850_ra,w158,h184_pa,w158,h184.png"
                />
                <strong
                  class="tit_item"
                >
                  Maybelline Fit Me Bronzer
                </strong>
                <span
                  class="txt_info"
                >
                   
                  bronzer
                </span>
                <strong
                  class="num_price"
                >
                  $
                  10.29
                </strong>
              </div>
            </a>
          </div>
          <div
            class="column"
          >
            <a
              href="/detail/477"
            >
              <div
                class="wrap"
              >
                <img
                  alt="Maybelline Facestudio Master Contour Kit"
                  class="img_item"
                  src="https://d3t32hsnjxo7q6.cloudfront.net/i/4f731de249cbd4cb819ea7f5f4cfb5c3_ra,w158,h184_pa,w158,h184.png"
                />
                <strong
                  class="tit_item"
                >
                  Maybelline Facestudio Master Contour Kit
                </strong>
                <span
                  class="txt_info"
                >
                   
                  bronzer
                </span>
                <strong
                  class="num_price"
                >
                  $
                  15.99
                </strong>
              </div>
            </a>
          </div>
          <div
            class="column"
          >
            <a
              href="/detail/468"
            >
              <div
                class="wrap"
              >
                <img
                  alt="Maybelline Face Studio Master Hi-Light Light Booster Blush"
                  class="img_item"
                  src="https://d3t32hsnjxo7q6.cloudfront.net/i/4621032a92cb428ad640c105b944b39c_ra,w158,h184_pa,w158,h184.png"
                />
                <strong
                  class="tit_item"
                >
                  Maybelline Face Studio Master Hi-Light Light Booster Blush
                </strong>
                <span
                  class="txt_info"
                >
                  powder
                   
                  blush
                </span>
                <strong
                  class="num_price"
                >
                  $
                  14.99
                </strong>
              </div>
            </a>
          </div>
          <div
            class="column"
          >
            <a
              href="/detail/452"
            >
              <div
                class="wrap"
              >
                <img
                  alt="Maybelline Face Studio Master Hi-Light Light Booster Blush "
                  class="img_item"
                  src="https://d3t32hsnjxo7q6.cloudfront.net/i/e8c59b78ebeaec5c4b6aeba49a9ff0f6_ra,w158,h184_pa,w158,h184.png"
                />
                <strong
                  class="tit_item"
                >
                  Maybelline Face Studio Master Hi-Light Light Booster Blush 
                </strong>
                <span
                  class="txt_info"
                >
                  powder
                   
                  blush
                </span>
                <strong
                  class="num_price"
                >
                  $
                  14.99
                </strong>
              </div>
            </a>
          </div>
          <div
            class="column"
          >
            <a
              href="/detail/439"
            >
              <div
                class="wrap"
              >
                <img
                  alt="Maybelline Fit Me Blush"
                  class="img_item"
                  src="https://d3t32hsnjxo7q6.cloudfront.net/i/53d5f825461117c0d96946e1029510b0_ra,w158,h184_pa,w158,h184.png"
                />
                <strong
                  class="tit_item"
                >
                  Maybelline Fit Me Blush
                </strong>
                <span
                  class="txt_info"
                >
                  powder
                   
                  blush
                </span>
                <strong
                  class="num_price"
                >
                  $
                  10.29
                </strong>
              </div>
            </a>
          </div>
          <div
            class="column"
          >
            <a
              href="/detail/414"
            >
              <div
                class="wrap"
              >
                <img
                  alt="Maybelline Dream Bouncy Blush"
                  class="img_item"
                  src="https://d3t32hsnjxo7q6.cloudfront.net/i/51eacb9efebbaee39399e65ffe3d9416_ra,w158,h184_pa,w158,h184.png"
                />
                <strong
                  class="tit_item"
                >
                  Maybelline Dream Bouncy Blush
                </strong>
                <span
                  class="txt_info"
                >
                  cream
                   
                  blush
                </span>
                <strong
                  class="num_price"
                >
                  $
                  11.99
                </strong>
              </div>
            </a>
          </div>
          <div
            class="column"
          >
            <a
              href="/detail/398"
            >
              <div
                class="wrap"
              >
                <img
                  alt="Maybelline Color Sensational Lipliner"
                  class="img_item"
                  src="https://d3t32hsnjxo7q6.cloudfront.net/i/6607c1b7eb717dfbd3c228b61e4c5148_ra,w158,h184_pa,w158,h184.png"
                />
                <strong
                  class="tit_item"
                >
                  Maybelline Color Sensational Lipliner
                </strong>
                <span
                  class="txt_info"
                >
                   
                  lip_liner
                </span>
                <strong
                  class="num_price"
                >
                  $
                  8.29
                </strong>
              </div>
            </a>
          </div>
          <div
            class="column"
          >
            <a
              href="/detail/382"
            >
              <div
                class="wrap"
              >
                <img
                  alt="Maybelline Dream Smooth Mousse Foundation"
                  class="img_item"
                  src="https://d3t32hsnjxo7q6.cloudfront.net/i/fb79e7facf701176d4113527c284613f_ra,w158,h184_pa,w158,h184.png"
                />
                <strong
                  class="tit_item"
                >
                  Maybelline Dream Smooth Mousse Foundation
                </strong>
                <span
                  class="txt_info"
                >
                  cream
                   
                  foundation
                </span>
                <strong
                  class="num_price"
                >
                  $
                  14.79
                </strong>
              </div>
            </a>
          </div>
        </div>
      </div>
    </div>
    <h3
      class="ui header"
      style="padding-top: 40px;"
    >
      신상품
    </h3>
    <div
      class="ui divider"
    />
    <div>
      <div
        class="ui three column grid"
      >
        <div
          class="row"
        >
          <div
            class="column"
          >
            <a
              href="/detail/380"
            >
              <div
                class="wrap"
              >
                <img
                  alt="Maybelline Fit Me Shine-Free Foundation Stick"
                  class="img_item"
                  src="https://d3t32hsnjxo7q6.cloudfront.net/i/d04e7c2ed65dabe1dca4eed9aa268e95_ra,w158,h184_pa,w158,h184.png"
                />
                <strong
                  class="tit_item"
                >
                  Maybelline Fit Me Shine-Free Foundation Stick
                </strong>
                <span
                  class="txt_info"
                >
                  cream
                   
                  foundation
                </span>
                <strong
                  class="num_price"
                >
                  $
                  10.99
                </strong>
              </div>
            </a>
          </div>
          <div
            class="column"
          >
            <a
              href="/detail/379"
            >
              <div
                class="wrap"
              >
                <img
                  alt="Maybelline Dream Matte Mousse Foundation"
                  class="img_item"
                  src="https://d3t32hsnjxo7q6.cloudfront.net/i/029889b345c76a70e8bb978b73ed1a87_ra,w158,h184_pa,w158,h184.png"
                />
                <strong
                  class="tit_item"
                >
                  Maybelline Dream Matte Mousse Foundation
                </strong>
                <span
                  class="txt_info"
                >
                  cream
                   
                  foundation
                </span>
                <strong
                  class="num_price"
                >
                  $
                  14.79
                </strong>
              </div>
            </a>
          </div>
          <div
            class="column"
          >
            <a
              href="/detail/366"
            >
              <div
                class="wrap"
              >
                <img
                  alt="Maybelline Mineral Power Natural Perfecting Powder Foundation"
                  class="img_item"
                  src="https://d3t32hsnjxo7q6.cloudfront.net/i/c77ad2da76259cfd67a9a9432f635bfb_ra,w158,h184_pa,w158,h184.png"
                />
                <strong
                  class="tit_item"
                >
                  Maybelline Mineral Power Natural Perfecting Powder Foundation
                </strong>
                <span
                  class="txt_info"
                >
                  mineral
                   
                  foundation
                </span>
                <strong
                  class="num_price"
                >
                  $
                  14.99
                </strong>
              </div>
            </a>
          </div>
          <div
            class="column"
          >
            <a
              href="/detail/354"
            >
              <div
                class="wrap"
              >
                <img
                  alt="Maybelline Dream Velvet Foundation"
                  class="img_item"
                  src="https://d3t32hsnjxo7q6.cloudfront.net/i/24517c6c81c92eda31cd32b6327c1298_ra,w158,h184_pa,w158,h184.png"
                />
                <strong
                  class="tit_item"
                >
                  Maybelline Dream Velvet Foundation
                </strong>
                <span
                  class="txt_info"
                >
                  cream
                   
                  foundation
                </span>
                <strong
                  class="num_price"
                >
                  $
                  18.49
                </strong>
              </div>
            </a>
          </div>
          <div
            class="column"
          >
            <a
              href="/detail/353"
            >
              <div
                class="wrap"
              >
                <img
                  alt="Maybelline Superstay Better Skin Foundation "
                  class="img_item"
                  src="https://d3t32hsnjxo7q6.cloudfront.net/i/c7d967ef502ecd79ab7ab466c4952d82_ra,w158,h184_pa,w158,h184.png"
                />
                <strong
                  class="tit_item"
                >
                  Maybelline Superstay Better Skin Foundation 
                </strong>
                <span
                  class="txt_info"
                >
                  liquid
                   
                  foundation
                </span>
                <strong
                  class="num_price"
                >
                  $
                  14.99
                </strong>
              </div>
            </a>
          </div>
          <div
            class="column"
          >
            <a
              href="/detail/339"
            >
              <div
                class="wrap"
              >
                <img
                  alt="Maybelline Dream Wonder Liquid Touch Foundation"
                  class="img_item"
                  src="https://d3t32hsnjxo7q6.cloudfront.net/i/ccb99ad6ac7f31a2a73454bdbda01d99_ra,w158,h184_pa,w158,h184.jpeg"
                />
                <strong
                  class="tit_item"
                >
                  Maybelline Dream Wonder Liquid Touch Foundation
                </strong>
                <span
                  class="txt_info"
                >
                  liquid
                   
                  foundation
                </span>
                <strong
                  class="num_price"
                >
                  $
                  14.99
                </strong>
              </div>
            </a>
          </div>
          <div
            class="column"
          >
            <a
              href="/detail/321"
            >
              <div
                class="wrap"
              >
                <img
                  alt="Maybelline Dream Liquid Mousse"
                  class="img_item"
                  src="https://d3t32hsnjxo7q6.cloudfront.net/i/1ca6a4a442b9aa6b5f3d94da77d8846c_ra,w158,h184_pa,w158,h184.png"
                />
                <strong
                  class="tit_item"
                >
                  Maybelline Dream Liquid Mousse
                </strong>
                <span
                  class="txt_info"
                >
                  liquid
                   
                  foundation
                </span>
                <strong
                  class="num_price"
                >
                  $
                  14.79
                </strong>
              </div>
            </a>
          </div>
          <div
            class="column"
          >
            <a
              href="/detail/320"
            >
              <div
                class="wrap"
              >
                <img
                  alt="Maybelline FIT ME! Matte + Poreless Foundation"
                  class="img_item"
                  src="https://d3t32hsnjxo7q6.cloudfront.net/i/257993e12625cc45a72ec03636ffa5c5_ra,w158,h184_pa,w158,h184.jpg"
                />
                <strong
                  class="tit_item"
                >
                  Maybelline FIT ME! Matte + Poreless Foundation
                </strong>
                <span
                  class="txt_info"
                >
                  liquid
                   
                  foundation
                </span>
                <strong
                  class="num_price"
                >
                  $
                  10.99
                </strong>
              </div>
            </a>
          </div>
          <div
            class="column"
          >
            <a
              href="/detail/317"
            >
              <div
                class="wrap"
              >
                <img
                  alt="Maybelline Fit Me Foundation with SPF"
                  class="img_item"
                  src="https://d3t32hsnjxo7q6.cloudfront.net/i/eccb88d484b8c929fd349b0995a5dba2_ra,w158,h184_pa,w158,h184.png"
                />
                <strong
                  class="tit_item"
                >
                  Maybelline Fit Me Foundation with SPF
                </strong>
                <span
                  class="txt_info"
                >
                  liquid
                   
                  foundation
                </span>
                <strong
                  class="num_price"
                >
                  $
                  10.99
                </strong>
              </div>
            </a>
          </div>
          <div
            class="column"
          >
            <a
              href="/detail/309"
            >
              <div
                class="wrap"
              >
                <img
                  alt="Maybelline Expert Wear Eye Shadow Quad "
                  class="img_item"
                  src="https://d3t32hsnjxo7q6.cloudfront.net/i/c924006882e8e313d445a3a5394e4729_ra,w158,h184_pa,w158,h184.png"
                />
                <strong
                  class="tit_item"
                >
                  Maybelline Expert Wear Eye Shadow Quad 
                </strong>
                <span
                  class="txt_info"
                >
                   
                  eyeshadow
                </span>
                <strong
                  class="num_price"
                >
                  $
                  8.99
                </strong>
              </div>
            </a>
          </div>
          <div
            class="column"
          >
            <a
              href="/detail/307"
            >
              <div
                class="wrap"
              >
                <img
                  alt="Maybelline Eyestudio Color Tattoo Concentrated Crayon"
                  class="img_item"
                  src="https://d3t32hsnjxo7q6.cloudfront.net/i/3f9f894b56e0616e44c5ee01dea45217_ra,w158,h184_pa,w158,h184.png"
                />
                <strong
                  class="tit_item"
                >
                  Maybelline Eyestudio Color Tattoo Concentrated Crayon
                </strong>
                <span
                  class="txt_info"
                >
                   
                  eyeshadow
                </span>
                <strong
                  class="num_price"
                >
                  $
                  10.99
                </strong>
              </div>
            </a>
          </div>
          <div
            class="column"
          >
            <a
              href="/detail/295"
            >
              <div
                class="wrap"
              >
                <img
                  alt="Maybelline The Nudes Eye Shadow Palette"
                  class="img_item"
                  src="https://d3t32hsnjxo7q6.cloudfront.net/i/201350fd3e173307ade44520dc87d8fb_ra,w158,h184_pa,w158,h184.png"
                />
                <strong
                  class="tit_item"
                >
                  Maybelline The Nudes Eye Shadow Palette
                </strong>
                <span
                  class="txt_info"
                >
                  palette
                   
                  eyeshadow
                </span>
                <strong
                  class="num_price"
                >
                  $
                  17.99
                </strong>
              </div>
            </a>
          </div>
          <div
            class="column"
          >
            <a
              href="/detail/291"
            >
              <div
                class="wrap"
              >
                <img
                  alt="Maybelline Eye Studio Color Tattoo 24HR Cream Gel Shadow Leather"
                  class="img_item"
                  src="https://d3t32hsnjxo7q6.cloudfront.net/i/cf21d194ab14ee3c527d02682c358a7a_ra,w158,h184_pa,w158,h184.png"
                />
                <strong
                  class="tit_item"
                >
                  Maybelline Eye Studio Color Tattoo 24HR Cream Gel Shadow Leather
                </strong>
                <span
                  class="txt_info"
                >
                   
                  eyeshadow
                </span>
                <strong
                  class="num_price"
                >
                  $
                  8.99
                </strong>
              </div>
            </a>
          </div>
          <div
            class="column"
          >
            <a
              href="/detail/286"
            >
              <div
                class="wrap"
              >
                <img
                  alt="Maybelline The Nudes Eyeshadow Palette in The Blushed Nudes"
                  class="img_item"
                  src="https://d3t32hsnjxo7q6.cloudfront.net/i/49d98e112e77d2a9a0c8fad28df89a1e_ra,w158,h184_pa,w158,h184.png"
                />
                <strong
                  class="tit_item"
                >
                  Maybelline The Nudes Eyeshadow Palette in The Blushed Nudes
                </strong>
                <span
                  class="txt_info"
                >
                  palette
                   
                  eyeshadow
                </span>
                <strong
                  class="num_price"
                >
                  $
                  17.99
                </strong>
              </div>
            </a>
          </div>
          <div
            class="column"
          >
            <a
              href="/detail/279"
            >
              <div
                class="wrap"
              >
                <img
                  alt="Maybelline Eye Studio Color Tattoo 24HR Cream Gel Shadow"
                  class="img_item"
                  src="https://d3t32hsnjxo7q6.cloudfront.net/i/c2ddacc79f4fdd3d23664581c76546bc_ra,w158,h184_pa,w158,h184.png"
                />
                <strong
                  class="tit_item"
                >
                  Maybelline Eye Studio Color Tattoo 24HR Cream Gel Shadow
                </strong>
                <span
                  class="txt_info"
                >
                   
                  eyeshadow
                </span>
                <strong
                  class="num_price"
                >
                  $
                  8.99
                </strong>
              </div>
            </a>
          </div>
          <div
            class="column"
          >
            <a
              href="/detail/273"
            >
              <div
                class="wrap"
              >
                <img
                  alt="Maybelline Eye Studio Color Tattoo 24HR Cream Gel Shadow "
                  class="img_item"
                  src="https://d3t32hsnjxo7q6.cloudfront.net/i/58d07d24e39142e0c5a178b00b6b31f1_ra,w158,h184_pa,w158,h184.png"
                />
                <strong
                  class="tit_item"
                >
                  Maybelline Eye Studio Color Tattoo 24HR Cream Gel Shadow 
                </strong>
                <span
                  class="txt_info"
                >
                   
                  eyeshadow
                </span>
                <strong
                  class="num_price"
                >
                  $
                  8.99
                </strong>
              </div>
            </a>
          </div>
          <div
            class="column"
          >
            <a
              href="/detail/232"
            >
              <div
                class="wrap"
              >
                <img
                  alt="Maybelline Line Express Eyeliner"
                  class="img_item"
                  src="https://d3t32hsnjxo7q6.cloudfront.net/i/4e88f928ad91c88e2ecb8596431ce799_ra,w158,h184_pa,w158,h184.png"
                />
                <strong
                  class="tit_item"
                >
                  Maybelline Line Express Eyeliner
                </strong>
                <span
                  class="txt_info"
                >
                  pencil
                   
                  eyeliner
                </span>
                <strong
                  class="num_price"
                >
                  $
                  7.29
                </strong>
              </div>
            </a>
          </div>
          <div
            class="column"
          >
            <a
              href="/detail/230"
            >
              <div
                class="wrap"
              >
                <img
                  alt="Maybelline Unstoppable Eyeliner"
                  class="img_item"
                  src="https://d3t32hsnjxo7q6.cloudfront.net/i/bab89a9fe13b34235e0dd1f4f44c05cf_ra,w158,h184_pa,w158,h184.png"
                />
                <strong
                  class="tit_item"
                >
                  Maybelline Unstoppable Eyeliner
                </strong>
                <span
                  class="txt_info"
                >
                  pencil
                   
                  eyeliner
                </span>
                <strong
                  class="num_price"
                >
                  $
                  8.99
                </strong>
              </div>
            </a>
          </div>
          <div
            class="column"
          >
            <a
              href="/detail/225"
            >
              <div
                class="wrap"
              >
                <img
                  alt="Maybelline Color Show Kohl Liner"
                  class="img_item"
                  src="https://d3t32hsnjxo7q6.cloudfront.net/i/c2fcd605bbf3941b521fb74bfa942ac6_ra,w158,h184_pa,w158,h184.png"
                />
                <strong
                  class="tit_item"
                >
                  Maybelline Color Show Kohl Liner
                </strong>
                <span
                  class="txt_info"
                >
                  pencil
                   
                  eyeliner
                </span>
                <strong
                  class="num_price"
                >
                  $
                  5.99
                </strong>
              </div>
            </a>
          </div>
          <div
            class="column"
          >
            <a
              href="/detail/221"
            >
              <div
                class="wrap"
              >
                <img
                  alt="Maybelline Eye Studio Master Graphic in Striking Black"
                  class="img_item"
                  src="https://d3t32hsnjxo7q6.cloudfront.net/i/9c98f99f2033bb942286fa1bb32b4c51_ra,w158,h184_pa,w158,h184.png"
                />
                <strong
                  class="tit_item"
                >
                  Maybelline Eye Studio Master Graphic in Striking Black
                </strong>
                <span
                  class="txt_info"
                >
                  liquid
                   
                  eyeliner
                </span>
                <strong
                  class="num_price"
                >
                  $
                  11.99
                </strong>
              </div>
            </a>
          </div>
          <div
            class="column"
          >
            <a
              href="/detail/179"
            >
              <div
                class="wrap"
              >
                <img
                  alt="Maybelline EyeStudio Master Precise Ink Pen Eyeliner"
                  class="img_item"
                  src="https://d3t32hsnjxo7q6.cloudfront.net/i/6edd2cadd1894a94f264ceb19f3d344b_ra,w158,h184_pa,w158,h184.png"
                />
                <strong
                  class="tit_item"
                >
                  Maybelline EyeStudio Master Precise Ink Pen Eyeliner
                </strong>
                <span
                  class="txt_info"
                >
                  liquid
                   
                  eyeliner
                </span>
                <strong
                  class="num_price"
                >
                  $
                  11.99
                </strong>
              </div>
            </a>
          </div>
          <div
            class="column"
          >
            <a
              href="/detail/177"
            >
              <div
                class="wrap"
              >
                <img
                  alt="Maybelline Line Stiletto Ultimate Precision Liquid Eyeliner"
                  class="img_item"
                  src="https://d3t32hsnjxo7q6.cloudfront.net/i/350d6c6c2fa3add8ee40189cd19bfe0a_ra,w158,h184_pa,w158,h184.png"
                />
                <strong
                  class="tit_item"
                >
                  Maybelline Line Stiletto Ultimate Precision Liquid Eyeliner
                </strong>
                <span
                  class="txt_info"
                >
                  liquid
                   
                  eyeliner
                </span>
                <strong
                  class="num_price"
                >
                  $
                  10.29
                </strong>
              </div>
            </a>
          </div>
          <div
            class="column"
          >
            <a
              href="/detail/172"
            >
              <div
                class="wrap"
              >
                <img
                  alt="Maybelline Liquid Eyeliner"
                  class="img_item"
                  src="https://d3t32hsnjxo7q6.cloudfront.net/i/316d25ac5676470d83612b9391678b0d_ra,w158,h184_pa,w158,h184.jpeg"
                />
                <strong
                  class="tit_item"
                >
                  Maybelline Liquid Eyeliner
                </strong>
                <span
                  class="txt_info"
                >
                  liquid
                   
                  eyeliner
                </span>
                <strong
                  class="num_price"
                >
                  $
                  10.99
                </strong>
              </div>
            </a>
          </div>
          <div
            class="column"
          >
            <a
              href="/detail/170"
            >
              <div
                class="wrap"
              >
                <img
                  alt="Maybelline Eye Studio Lasting Drama Gel Eyeliner"
                  class="img_item"
                  src="https://d3t32hsnjxo7q6.cloudfront.net/i/2054f702d243c286219e0330af836bf5_ra,w158,h184_pa,w158,h184.png"
                />
                <strong
                  class="tit_item"
                >
                  Maybelline Eye Studio Lasting Drama Gel Eyeliner
                </strong>
                <span
                  class="txt_info"
                >
                  liquid
                   
                  eyeliner
                </span>
                <strong
                  class="num_price"
                >
                  $
                  11.99
                </strong>
              </div>
            </a>
          </div>
          <div
            class="column"
          >
            <a
              href="/detail/146"
            >
              <div
                class="wrap"
              >
                <img
                  alt="Maybelline Color Show Nail Lacquer Jewels "
                  class="img_item"
                  src="https://d3t32hsnjxo7q6.cloudfront.net/i/f6239cbcd84fa838c461f020b86924aa_ra,w158,h184_pa,w158,h184.png"
                />
                <strong
                  class="tit_item"
                >
                  Maybelline Color Show Nail Lacquer Jewels 
                </strong>
                <span
                  class="txt_info"
                >
                   
                  nail_polish
                </span>
                <strong
                  class="num_price"
                >
                  $
                  4.49
                </strong>
              </div>
            </a>
          </div>
          <div
            class="column"
          >
            <a
              href="/detail/145"
            >
              <div
                class="wrap"
              >
                <img
                  alt="Maybelline Color Show Nail Lacquer Veils "
                  class="img_item"
                  src="https://d3t32hsnjxo7q6.cloudfront.net/i/64cbcfbd001435c3abc3d8f77c16a0bf_ra,w158,h184_pa,w158,h184.png"
                />
                <strong
                  class="tit_item"
                >
                  Maybelline Color Show Nail Lacquer Veils 
                </strong>
                <span
                  class="txt_info"
                >
                   
                  nail_polish
                </span>
                <strong
                  class="num_price"
                >
                  $
                  4.49
                </strong>
              </div>
            </a>
          </div>
          <div
            class="column"
          >
            <a
              href="/detail/133"
            >
              <div
                class="wrap"
              >
                <img
                  alt="Maybelline Color Show Nail Lacquer "
                  class="img_item"
                  src="https://d3t32hsnjxo7q6.cloudfront.net/i/a05aa31a7e30d9d262ae36d0be2c4f87_ra,w158,h184_pa,w158,h184.png"
                />
                <strong
                  class="tit_item"
                >
                  Maybelline Color Show Nail Lacquer 
                </strong>
                <span
                  class="txt_info"
                >
                   
                  nail_polish
                </span>
                <strong
                  class="num_price"
                >
                  $
                  4.49
                </strong>
              </div>
            </a>
          </div>
          <div
            class="column"
          >
            <a
              href="/detail/97"
            >
              <div
                class="wrap"
              >
                <img
                  alt="Maybelline Color Sensational Vivid Matte Liquid Lip Colour"
                  class="img_item"
                  src="https://d3t32hsnjxo7q6.cloudfront.net/i/d0b6855d9b603a00f776de498c971b88_ra,w158,h184_pa,w158,h184.png"
                />
                <strong
                  class="tit_item"
                >
                  Maybelline Color Sensational Vivid Matte Liquid Lip Colour
                </strong>
                <span
                  class="txt_info"
                >
                  lipstick
                   
                  lipstick
                </span>
                <strong
                  class="num_price"
                >
                  $
                  12.99
                </strong>
              </div>
            </a>
          </div>
          <div
            class="column"
          >
            <a
              href="/detail/89"
            >
              <div
                class="wrap"
              >
                <img
                  alt="Maybelline Color Sensational Rebel Bloom Lipcolour "
                  class="img_item"
                  src="https://d3t32hsnjxo7q6.cloudfront.net/i/fb9e6485500135d94163577da4c3579b_ra,w158,h184_pa,w158,h184.png"
                />
                <strong
                  class="tit_item"
                >
                  Maybelline Color Sensational Rebel Bloom Lipcolour 
                </strong>
                <span
                  class="txt_info"
                >
                  lipstick
                   
                  lipstick
                </span>
                <strong
                  class="num_price"
                >
                  $
                  9.99
                </strong>
              </div>
            </a>
          </div>
          <div
            class="column"
          >
            <a
              href="/detail/85"
            >
              <div
                class="wrap"
              >
                <img
                  alt="Maybelline Lip Studio Color Blur "
                  class="img_item"
                  src="https://d3t32hsnjxo7q6.cloudfront.net/i/a1151b59f69491a75d9f8d80827bc1ee_ra,w158,h184_pa,w158,h184.png"
                />
                <strong
                  class="tit_item"
                >
                  Maybelline Lip Studio Color Blur 
                </strong>
                <span
                  class="txt_info"
                >
                  lipstick
                   
                  lipstick
                </span>
                <strong
                  class="num_price"
                >
                  $
                  11.99
                </strong>
              </div>
            </a>
          </div>
          <div
            class="column"
          >
            <a
              href="/detail/73"
            >
              <div
                class="wrap"
              >
                <img
                  alt="Maybelline Color Sensational The Buffs Lipcolour"
                  class="img_item"
                  src="https://d3t32hsnjxo7q6.cloudfront.net/i/27afa69db661563a1d6135bb5f6079dd_ra,w158,h184_pa,w158,h184.png"
                />
                <strong
                  class="tit_item"
                >
                  Maybelline Color Sensational The Buffs Lipcolour
                </strong>
                <span
                  class="txt_info"
                >
                  lipstick
                   
                  lipstick
                </span>
                <strong
                  class="num_price"
                >
                  $
                  9.99
                </strong>
              </div>
            </a>
          </div>
          <div
            class="column"
          >
            <a
              href="/detail/72"
            >
              <div
                class="wrap"
              >
                <img
                  alt="Maybelline Color Sensational Vivids Lipcolour"
                  class="img_item"
                  src="https://d3t32hsnjxo7q6.cloudfront.net/i/0d31f41c37fd18dfc02daa1671719378_ra,w158,h184_pa,w158,h184.png"
                />
                <strong
                  class="tit_item"
                >
                  Maybelline Color Sensational Vivids Lipcolour
                </strong>
                <span
                  class="txt_info"
                >
                  lipstick
                   
                  lipstick
                </span>
                <strong
                  class="num_price"
                >
                  $
                  9.99
                </strong>
              </div>
            </a>
          </div>
          <div
            class="column"
          >
            <a
              href="/detail/69"
            >
              <div
                class="wrap"
              >
                <img
                  alt="Maybelline Color Sensational Creamy Mattes Lipcolour "
                  class="img_item"
                  src="https://d3t32hsnjxo7q6.cloudfront.net/i/81fd80f898674d00f1860cd0724460f4_ra,w158,h184_pa,w158,h184.png"
                />
                <strong
                  class="tit_item"
                >
                  Maybelline Color Sensational Creamy Mattes Lipcolour 
                </strong>
                <span
                  class="txt_info"
                >
                  lipstick
                   
                  lipstick
                </span>
                <strong
                  class="num_price"
                >
                  $
                  9.99
                </strong>
              </div>
            </a>
          </div>
          <div
            class="column"
          >
            <a
              href="/detail/65"
            >
              <div
                class="wrap"
              >
                <img
                  alt="Maybelline Color Sensational Lipcolour"
                  class="img_item"
                  src="https://d3t32hsnjxo7q6.cloudfront.net/i/b1c627d5a7e341e53754c8dee92d2878_ra,w158,h184_pa,w158,h184.png"
                />
                <strong
                  class="tit_item"
                >
                  Maybelline Color Sensational Lipcolour
                </strong>
                <span
                  class="txt_info"
                >
                  lipstick
                   
                  lipstick
                </span>
                <strong
                  class="num_price"
                >
                  $
                  9.99
                </strong>
              </div>
            </a>
          </div>
          <div
            class="column"
          >
            <a
              href="/detail/42"
            >
              <div
                class="wrap"
              >
                <img
                  alt="Maybelline Volum'Express Falsies Big Eyes Mascara"
                  class="img_item"
                  src="https://d3t32hsnjxo7q6.cloudfront.net/i/a28e1387642c86f2d2e0cf446b2137aa_ra,w158,h184_pa,w158,h184.png"
                />
                <strong
                  class="tit_item"
                >
                  Maybelline Volum'Express Falsies Big Eyes Mascara
                </strong>
                <span
                  class="txt_info"
                >
                   
                  mascara
                </span>
                <strong
                  class="num_price"
                >
                  $
                  12.99
                </strong>
              </div>
            </a>
          </div>
          <div
            class="column"
          >
            <a
              href="/detail/32"
            >
              <div
                class="wrap"
              >
                <img
                  alt="Maybelline Define-A-Lash Lengthening & Defining Mascara"
                  class="img_item"
                  src="https://d3t32hsnjxo7q6.cloudfront.net/i/cf9136ade1dd304b8cb81deb4b87e333_ra,w158,h184_pa,w158,h184.jpeg"
                />
                <strong
                  class="tit_item"
                >
                  Maybelline Define-A-Lash Lengthening & Defining Mascara
                </strong>
                <span
                  class="txt_info"
                >
                   
                  mascara
                </span>
                <strong
                  class="num_price"
                >
                  $
                  10.79
                </strong>
              </div>
            </a>
          </div>
          <div
            class="column"
          >
            <a
              href="/detail/29"
            >
              <div
                class="wrap"
              >
                <img
                  alt="Maybelline Great Lash - Clear"
                  class="img_item"
                  src="https://d3t32hsnjxo7q6.cloudfront.net/i/6cce75ce02a6694e1c89f7d5a68c8174_ra,w158,h184_pa,w158,h184.png"
                />
                <strong
                  class="tit_item"
                >
                  Maybelline Great Lash - Clear
                </strong>
                <span
                  class="txt_info"
                >
                   
                  mascara
                </span>
                <strong
                  class="num_price"
                >
                  $
                  7.79
                </strong>
              </div>
            </a>
          </div>
          <div
            class="column"
          >
            <a
              href="/detail/23"
            >
              <div
                class="wrap"
              >
                <img
                  alt="Maybelline Great Lash Big Mascara"
                  class="img_item"
                  src="https://d3t32hsnjxo7q6.cloudfront.net/i/0795abd7feaf855f88055e181652d65a_ra,w158,h184_pa,w158,h184.jpeg"
                />
                <strong
                  class="tit_item"
                >
                  Maybelline Great Lash Big Mascara
                </strong>
                <span
                  class="txt_info"
                >
                   
                  mascara
                </span>
                <strong
                  class="num_price"
                >
                  $
                  7.79
                </strong>
              </div>
            </a>
          </div>
          <div
            class="column"
          >
            <a
              href="/detail/20"
            >
              <div
                class="wrap"
              >
                <img
                  alt="Maybelline Great Lash Mascara"
                  class="img_item"
                  src="https://d3t32hsnjxo7q6.cloudfront.net/i/6b4d354890177a73b4d6630d723c2f21_ra,w158,h184_pa,w158,h184.jpeg"
                />
                <strong
                  class="tit_item"
                >
                  Maybelline Great Lash Mascara
                </strong>
                <span
                  class="txt_info"
                >
                   
                  mascara
                </span>
                <strong
                  class="num_price"
                >
                  $
                  7.79
                </strong>
              </div>
            </a>
          </div>
          <div
            class="column"
          >
            <a
              href="/detail/14"
            >
              <div
                class="wrap"
              >
                <img
                  alt="Maybelline Volum' Express Colossal Mascara"
                  class="img_item"
                  src="https://d3t32hsnjxo7q6.cloudfront.net/i/5d6e0d96f6dedbc3aadd88d9403cb26e_ra,w158,h184_pa,w158,h184.jpeg"
                />
                <strong
                  class="tit_item"
                >
                  Maybelline Volum' Express Colossal Mascara
                </strong>
                <span
                  class="txt_info"
                >
                   
                  mascara
                </span>
                <strong
                  class="num_price"
                >
                  $
                  9.79
                </strong>
              </div>
            </a>
          </div>
          <div
            class="column"
          >
            <a
              href="/detail/12"
            >
              <div
                class="wrap"
              >
                <img
                  alt="Maybelline Illegal Length Fiber Extensions Mascara"
                  class="img_item"
                  src="https://d3t32hsnjxo7q6.cloudfront.net/i/086bd6bba51f630f60511cdc24c68096_ra,w158,h184_pa,w158,h184.jpeg"
                />
                <strong
                  class="tit_item"
                >
                  Maybelline Illegal Length Fiber Extensions Mascara
                </strong>
                <span
                  class="txt_info"
                >
                   
                  mascara
                </span>
                <strong
                  class="num_price"
                >
                  $
                  11.49
                </strong>
              </div>
            </a>
          </div>
          <div
            class="column"
          >
            <a
              href="/detail/11"
            >
              <div
                class="wrap"
              >
                <img
                  alt="Maybelline Volum' Express The Rocket Mascara"
                  class="img_item"
                  src="https://d3t32hsnjxo7q6.cloudfront.net/i/0b04408a84154f14800e4c9477f8a924_ra,w158,h184_pa,w158,h184.png"
                />
                <strong
                  class="tit_item"
                >
                  Maybelline Volum' Express The Rocket Mascara
                </strong>
                <span
                  class="txt_info"
                >
                   
                  mascara
                </span>
                <strong
                  class="num_price"
                >
                  $
                  10.99
                </strong>
              </div>
            </a>
          </div>
          <div
            class="column"
          >
            <a
              href="/detail/9"
            >
              <div
                class="wrap"
              >
                <img
                  alt="Maybelline Great Lash Lots of Lashes Mascara"
                  class="img_item"
                  src="https://d3t32hsnjxo7q6.cloudfront.net/i/dfaf77464a8cb52a1a8f2a15e8abf920_ra,w158,h184_pa,w158,h184.png"
                />
                <strong
                  class="tit_item"
                >
                  Maybelline Great Lash Lots of Lashes Mascara
                </strong>
                <span
                  class="txt_info"
                >
                   
                  mascara
                </span>
                <strong
                  class="num_price"
                >
                  $
                  7.79
                </strong>
              </div>
            </a>
          </div>
          <div
            class="column"
          >
            <a
              href="/detail/8"
            >
              <div
                class="wrap"
              >
                <img
                  alt="Maybelline Lash Stiletto Ultimate Length Mascara"
                  class="img_item"
                  src="https://d3t32hsnjxo7q6.cloudfront.net/i/812b5ae27df9be983052063d52d7ab7a_ra,w158,h184_pa,w158,h184.jpeg"
                />
                <strong
                  class="tit_item"
                >
                  Maybelline Lash Stiletto Ultimate Length Mascara
                </strong>
                <span
                  class="txt_info"
                >
                   
                  mascara
                </span>
                <strong
                  class="num_price"
                >
                  $
                  10.99
                </strong>
              </div>
            </a>
          </div>
          <div
            class="column"
          >
            <a
              href="/detail/7"
            >
              <div
                class="wrap"
              >
                <img
                  alt="Maybelline Volum'Express the Falsies Mascara"
                  class="img_item"
                  src="https://d3t32hsnjxo7q6.cloudfront.net/i/af1f35f15ee64cc1003f1ccfc6451d71_ra,w158,h184_pa,w158,h184.jpeg"
                />
                <strong
                  class="tit_item"
                >
                  Maybelline Volum'Express the Falsies Mascara
                </strong>
                <span
                  class="txt_info"
                >
                   
                  mascara
                </span>
                <strong
                  class="num_price"
                >
                  $
                  9.79
                </strong>
              </div>
            </a>
          </div>
        </div>
      </div>
    </div>
  </div>
</div>
`;

exports[`props test Test Component props 전달 테스트 1`] = `
<div>
  <div>
    name : 
    Kang
    , age : 
    32
  </div>
</div>
`;
